{
 "loop": {
  "framesPerSec": 9
 },
 "loopStopped": 0,
 "stages": [
  {
   "stage": 1,
   "mode": "campaign",
   "rebuildMs": 25.3,
   "firstRenderJsMs": 26.4,
   "firstRenderFinishMs": 26.4,
   "steadyMedianMs": 1.9,
   "newPrograms": 0,
   "programs": 17,
   "calls": 405,
   "tris": 95172,
   "geomMem": 94,
   "texMem": 14,
   "objs": 454,
   "drawables": 328,
   "uniqueMats": 78,
   "uniqueGeos": 103,
   "transparentDrawables": 105,
   "guards": 2,
   "dogs": 0,
   "towers": 6,
   "cams": 0,
   "weather": "clear",
   "boss": false
  },
  {
   "stage": 2,
   "mode": "campaign",
   "rebuildMs": 22.1,
   "firstRenderJsMs": 54.9,
   "firstRenderFinishMs": 54.9,
   "steadyMedianMs": 2.1,
   "newPrograms": 3,
   "programs": 20,
   "calls": 466,
   "tris": 93876,
   "geomMem": 96,
   "texMem": 14,
   "objs": 473,
   "drawables": 342,
   "uniqueMats": 81,
   "uniqueGeos": 101,
   "transparentDrawables": 107,
   "guards": 2,
   "dogs": 0,
   "towers": 6,
   "cams": 0,
   "weather": "rain",
   "boss": false
  },
  {
   "stage": 5,
   "mode": "campaign",
   "rebuildMs": 20.8,
   "firstRenderJsMs": 27.5,
   "firstRenderFinishMs": 27.5,
   "steadyMedianMs": 1.9,
   "newPrograms": 0,
   "programs": 20,
   "calls": 534,
   "tris": 107124,
   "geomMem": 99,
   "texMem": 14,
   "objs": 577,
   "drawables": 410,
   "uniqueMats": 85,
   "uniqueGeos": 104,
   "transparentDrawables": 120,
   "guards": 3,
   "dogs": 0,
   "towers": 6,
   "cams": 0,
   "weather": "rain",
   "boss": false
  },
  {
   "stage": 9,
   "mode": "campaign",
   "rebuildMs": 33.8,
   "firstRenderJsMs": 22.2,
   "firstRenderFinishMs": 22.3,
   "steadyMedianMs": 1.6,
   "newPrograms": 0,
   "programs": 20,
   "calls": 607,
   "tris": 108438,
   "geomMem": 116,
   "texMem": 14,
   "objs": 662,
   "drawables": 468,
   "uniqueMats": 88,
   "uniqueGeos": 121,
   "transparentDrawables": 131,
   "guards": 4,
   "dogs": 1,
   "towers": 8,
   "cams": 0,
   "weather": "clear",
   "boss": false
  },
  {
   "stage": 10,
   "mode": "campaign",
   "rebuildMs": 8,
   "firstRenderJsMs": 22,
   "firstRenderFinishMs": 22.1,
   "steadyMedianMs": 1.3,
   "newPrograms": 0,
   "programs": 20,
   "calls": 277,
   "tris": 32906,
   "geomMem": 147,
   "texMem": 14,
   "objs": 392,
   "drawables": 289,
   "uniqueMats": 95,
   "uniqueGeos": 147,
   "transparentDrawables": 134,
   "guards": 6,
   "dogs": 2,
   "towers": 8,
   "cams": 4,
   "weather": "clear",
   "boss": true
  },
  {
   "stage": 15,
   "mode": "campaign",
   "rebuildMs": 25.1,
   "firstRenderJsMs": 19.8,
   "firstRenderFinishMs": 19.8,
   "steadyMedianMs": 2.4,
   "newPrograms": 0,
   "programs": 20,
   "calls": 751,
   "tris": 310228,
   "geomMem": 136,
   "texMem": 14,
   "objs": 810,
   "drawables": 573,
   "uniqueMats": 99,
   "uniqueGeos": 148,
   "transparentDrawables": 149,
   "guards": 5,
   "dogs": 1,
   "towers": 10,
   "cams": 2,
   "weather": "snow",
   "boss": false
  },
  {
   "stage": 20,
   "mode": "campaign",
   "rebuildMs": 9.8,
   "firstRenderJsMs": 29.1,
   "firstRenderFinishMs": 29.1,
   "steadyMedianMs": 2.6,
   "newPrograms": 0,
   "programs": 20,
   "calls": 305,
   "tris": 64330,
   "geomMem": 170,
   "texMem": 14,
   "objs": 470,
   "drawables": 345,
   "uniqueMats": 108,
   "uniqueGeos": 174,
   "transparentDrawables": 155,
   "guards": 8,
   "dogs": 3,
   "towers": 10,
   "cams": 4,
   "weather": "snow",
   "boss": true
  },
  {
   "stage": 25,
   "mode": "campaign",
   "rebuildMs": 59.6,
   "firstRenderJsMs": 40,
   "firstRenderFinishMs": 40,
   "steadyMedianMs": 4.7,
   "newPrograms": 0,
   "programs": 20,
   "calls": 861,
   "tris": 315041,
   "geomMem": 165,
   "texMem": 14,
   "objs": 909,
   "drawables": 648,
   "uniqueMats": 104,
   "uniqueGeos": 176,
   "transparentDrawables": 167,
   "guards": 6,
   "dogs": 2,
   "towers": 10,
   "cams": 6,
   "weather": "rain",
   "boss": false
  },
  {
   "stage": 29,
   "mode": "campaign",
   "rebuildMs": 36.6,
   "firstRenderJsMs": 28.8,
   "firstRenderFinishMs": 28.8,
   "steadyMedianMs": 4.6,
   "newPrograms": 0,
   "programs": 20,
   "calls": 948,
   "tris": 308522,
   "geomMem": 163,
   "texMem": 14,
   "objs": 921,
   "drawables": 655,
   "uniqueMats": 102,
   "uniqueGeos": 169,
   "transparentDrawables": 167,
   "guards": 6,
   "dogs": 2,
   "towers": 10,
   "cams": 6,
   "weather": "snow",
   "boss": false
  },
  {
   "stage": 30,
   "mode": "campaign",
   "rebuildMs": 65.6,
   "firstRenderJsMs": 40.9,
   "firstRenderFinishMs": 40.9,
   "steadyMedianMs": 2.4,
   "newPrograms": 0,
   "programs": 20,
   "calls": 310,
   "tris": 62014,
   "geomMem": 180,
   "texMem": 14,
   "objs": 476,
   "drawables": 351,
   "uniqueMats": 108,
   "uniqueGeos": 175,
   "transparentDrawables": 161,
   "guards": 8,
   "dogs": 3,
   "towers": 10,
   "cams": 6,
   "weather": "rain",
   "boss": true
  },
  {
   "stage": 1,
   "mode": "endless",
   "rebuildMs": 59.2,
   "firstRenderJsMs": 203,
   "firstRenderFinishMs": 203.1,
   "steadyMedianMs": 3.6,
   "newPrograms": 0,
   "programs": 20,
   "calls": 697,
   "tris": 119159,
   "geomMem": 159,
   "texMem": 14,
   "objs": 775,
   "drawables": 552,
   "uniqueMats": 97,
   "uniqueGeos": 170,
   "transparentDrawables": 174,
   "guards": 6,
   "dogs": 0,
   "towers": 18,
   "cams": 0,
   "weather": "clear",
   "boss": false
  },
  {
   "stage": 1,
   "mode": "daily",
   "rebuildMs": 95.9,
   "firstRenderJsMs": 27.7,
   "firstRenderFinishMs": 27.7,
   "steadyMedianMs": 3.4,
   "newPrograms": 0,
   "programs": 20,
   "calls": 697,
   "tris": 118991,
   "geomMem": 159,
   "texMem": 14,
   "objs": 775,
   "drawables": 552,
   "uniqueMats": 97,
   "uniqueGeos": 170,
   "transparentDrawables": 174,
   "guards": 6,
   "dogs": 0,
   "towers": 18,
   "cams": 0,
   "weather": "clear",
   "boss": false
  },
  {
   "stage": 1,
   "mode": "campaign",
   "rebuildMs": 54.3,
   "firstRenderJsMs": 20.7,
   "firstRenderFinishMs": 20.8,
   "steadyMedianMs": 2,
   "newPrograms": 0,
   "programs": 20,
   "calls": 403,
   "tris": 95168,
   "geomMem": 94,
   "texMem": 14,
   "objs": 454,
   "drawables": 328,
   "uniqueMats": 78,
   "uniqueGeos": 103,
   "transparentDrawables": 105,
   "guards": 2,
   "dogs": 0,
   "towers": 6,
   "cams": 0,
   "weather": "clear",
   "boss": false
  }
 ],
 "warm": [
  {
   "stage": 1,
   "mode": "campaign",
   "rebuildMs": 15.5,
   "firstRenderJsMs": 41.9,
   "firstRenderFinishMs": 42,
   "steadyMedianMs": 2.5,
   "newPrograms": 0,
   "programs": 20,
   "calls": 506,
   "tris": 109307,
   "geomMem": 96,
   "texMem": 14,
   "objs": 509,
   "drawables": 375,
   "uniqueMats": 82,
   "uniqueGeos": 107,
   "transparentDrawables": 110,
   "guards": 2,
   "dogs": 0,
   "towers": 6,
   "cams": 0,
   "weather": "rain",
   "boss": false
  },
  {
   "stage": 10,
   "mode": "campaign",
   "rebuildMs": 25,
   "firstRenderJsMs": 233.9,
   "firstRenderFinishMs": 233.9,
   "steadyMedianMs": 2.1,
   "newPrograms": 0,
   "programs": 20,
   "calls": 233,
   "tris": 30928,
   "geomMem": 147,
   "texMem": 14,
   "objs": 387,
   "drawables": 285,
   "uniqueMats": 98,
   "uniqueGeos": 144,
   "transparentDrawables": 136,
   "guards": 6,
   "dogs": 2,
   "towers": 8,
   "cams": 4,
   "weather": "clear",
   "boss": true
  },
  {
   "stage": 20,
   "mode": "campaign",
   "rebuildMs": 12.4,
   "firstRenderJsMs": 18.5,
   "firstRenderFinishMs": 19.8,
   "steadyMedianMs": 3.6,
   "newPrograms": 0,
   "programs": 20,
   "calls": 340,
   "tris": 66056,
   "geomMem": 172,
   "texMem": 14,
   "objs": 501,
   "drawables": 368,
   "uniqueMats": 111,
   "uniqueGeos": 177,
   "transparentDrawables": 157,
   "guards": 8,
   "dogs": 3,
   "towers": 10,
   "cams": 4,
   "weather": "rain",
   "boss": true
  },
  {
   "stage": 30,
   "mode": "campaign",
   "rebuildMs": 18.5,
   "firstRenderJsMs": 21.2,
   "firstRenderFinishMs": 21.2,
   "steadyMedianMs": 2.6,
   "newPrograms": 0,
   "programs": 20,
   "calls": 337,
   "tris": 67201,
   "geomMem": 178,
   "texMem": 14,
   "objs": 484,
   "drawables": 358,
   "uniqueMats": 109,
   "uniqueGeos": 188,
   "transparentDrawables": 159,
   "guards": 8,
   "dogs": 3,
   "towers": 10,
   "cams": 6,
   "weather": "snow",
   "boss": true
  }
 ]
}
errors []
