{"z":103,"maxZ":103,"sections":3,"guards":6,"dogs":0,"towers":18,"obstacles":110,"worstUpdateMs":4,"worstAtZ":23,"avgUpdateMs":0.26,"iters":98,"px":0.2,"geo":159,"tex":14,"calls":773,"objs":785,"runState":"playing","wallS":1}
{"z":203,"maxZ":203,"sections":3,"guards":7,"dogs":0,"towers":18,"obstacles":122,"worstUpdateMs":41.6,"worstAtZ":120,"avgUpdateMs":0.57,"iters":96,"px":0.2,"geo":159,"tex":14,"calls":811,"objs":858,"runState":"playing","wallS":1}
{"z":303,"maxZ":303,"sections":3,"guards":7,"dogs":0,"towers":18,"obstacles":121,"worstUpdateMs":63.4,"worstAtZ":241,"avgUpdateMs":0.78,"iters":98,"px":0.2,"geo":157,"tex":14,"calls":783,"objs":850,"runState":"playing","wallS":1}
{"z":403,"maxZ":403,"sections":4,"guards":10,"dogs":0,"towers":24,"obstacles":170,"worstUpdateMs":43.1,"worstAtZ":361,"avgUpdateMs":0.56,"iters":98,"px":0.2,"geo":190,"tex":14,"calls":1058,"objs":1141,"runState":"playing","wallS":2}
{"z":504,"maxZ":504,"sections":4,"guards":11,"dogs":0,"towers":26,"obstacles":175,"worstUpdateMs":30.7,"worstAtZ":480,"avgUpdateMs":0.5,"iters":97,"px":0.2,"geo":198,"tex":14,"calls":1095,"objs":1187,"runState":"playing","heapMiB":14.3,"wallS":3}
{"z":604,"maxZ":604,"sections":4,"guards":12,"dogs":1,"towers":28,"obstacles":185,"worstUpdateMs":63.6,"worstAtZ":601,"avgUpdateMs":0.85,"iters":99,"px":0.2,"geo":222,"tex":14,"calls":1201,"objs":1279,"runState":"playing","wallS":3}
{"z":704,"maxZ":704,"sections":3,"guards":10,"dogs":1,"towers":22,"obstacles":152,"worstUpdateMs":1.7,"worstAtZ":646,"avgUpdateMs":0.17,"iters":99,"px":0.2,"geo":193,"tex":14,"calls":993,"objs":1070,"runState":"playing","wallS":3}
{"z":805,"maxZ":805,"sections":3,"guards":10,"dogs":2,"towers":24,"obstacles":155,"worstUpdateMs":37.5,"worstAtZ":720,"avgUpdateMs":0.55,"iters":95,"px":-0.8,"geo":209,"tex":14,"calls":1072,"objs":1117,"runState":"playing","wallS":4}
{"z":907,"maxZ":907,"sections":3,"guards":11,"dogs":3,"towers":24,"obstacles":169,"worstUpdateMs":40.2,"worstAtZ":841,"avgUpdateMs":0.56,"iters":99,"px":-0.3,"geo":227,"tex":14,"calls":1142,"objs":1197,"runState":"playing","wallS":4}
{"z":1007,"maxZ":1007,"sections":3,"guards":10,"dogs":3,"towers":24,"obstacles":160,"worstUpdateMs":72.3,"worstAtZ":960,"avgUpdateMs":0.9,"iters":95,"px":0.2,"geo":233,"tex":14,"calls":1101,"objs":1141,"runState":"playing","heapMiB":14.9,"wallS":5}
{"z":1107,"maxZ":1107,"sections":4,"guards":14,"dogs":4,"towers":32,"obstacles":210,"worstUpdateMs":39.1,"worstAtZ":1080,"avgUpdateMs":0.55,"iters":94,"px":0.2,"geo":292,"tex":14,"calls":1388,"objs":1480,"runState":"playing","wallS":5}
{"z":1207,"maxZ":1207,"sections":4,"guards":15,"dogs":4,"towers":34,"obstacles":214,"worstUpdateMs":30.6,"worstAtZ":1200,"avgUpdateMs":0.49,"iters":97,"px":0.2,"geo":310,"tex":14,"calls":1405,"objs":1527,"runState":"playing","wallS":5}
{"z":1307,"maxZ":1307,"sections":3,"guards":11,"dogs":3,"towers":26,"obstacles":163,"worstUpdateMs":1.9,"worstAtZ":1250,"avgUpdateMs":0.16,"iters":98,"px":0.2,"geo":251,"tex":14,"calls":1070,"objs":1175,"runState":"playing","wallS":5}
{"z":1407,"maxZ":1407,"sections":3,"guards":13,"dogs":3,"towers":28,"obstacles":176,"worstUpdateMs":37,"worstAtZ":1320,"avgUpdateMs":0.5,"iters":98,"px":1.2,"geo":264,"tex":14,"calls":1171,"objs":1281,"runState":"playing","wallS":6}
{"z":1508,"maxZ":1508,"sections":3,"guards":13,"dogs":3,"towers":30,"obstacles":174,"worstUpdateMs":31.1,"worstAtZ":1441,"avgUpdateMs":0.46,"iters":98,"px":0.2,"geo":273,"tex":14,"calls":1216,"objs":1286,"runState":"playing","heapMiB":15.4,"wallS":6}
{"z":1608,"maxZ":1608,"sections":3,"guards":14,"dogs":4,"towers":30,"obstacles":179,"worstUpdateMs":39.6,"worstAtZ":1561,"avgUpdateMs":0.56,"iters":96,"px":0.2,"geo":292,"tex":14,"calls":1269,"objs":1350,"runState":"playing","wallS":6}
{"z":1708,"maxZ":1708,"sections":4,"guards":18,"dogs":6,"towers":40,"obstacles":230,"worstUpdateMs":39.3,"worstAtZ":1680,"avgUpdateMs":0.56,"iters":97,"px":0.2,"geo":376,"tex":14,"calls":1628,"objs":1721,"runState":"playing","wallS":7}
{"z":1808,"maxZ":1808,"sections":4,"guards":18,"dogs":7,"towers":40,"obstacles":235,"worstUpdateMs":40,"worstAtZ":1800,"avgUpdateMs":0.56,"iters":99,"px":0.2,"geo":392,"tex":14,"calls":1661,"objs":1743,"runState":"playing","wallS":7}
{"z":1908,"maxZ":1908,"sections":3,"guards":14,"dogs":6,"towers":30,"obstacles":190,"worstUpdateMs":2.2,"worstAtZ":1857,"avgUpdateMs":0.13,"iters":96,"px":0.7,"geo":324,"tex":14,"calls":1317,"objs":1407,"runState":"playing","wallS":8}
{"z":2008,"maxZ":2008,"sections":3,"guards":14,"dogs":6,"towers":30,"obstacles":198,"worstUpdateMs":31.5,"worstAtZ":1920,"avgUpdateMs":0.46,"iters":97,"px":0.2,"geo":324,"tex":14,"calls":1325,"objs":1417,"runState":"playing","heapMiB":15.9,"wallS":9}
{"z":2108,"maxZ":2108,"sections":3,"guards":16,"dogs":6,"towers":30,"obstacles":204,"worstUpdateMs":40.3,"worstAtZ":2040,"avgUpdateMs":0.57,"iters":99,"px":0.2,"geo":328,"tex":14,"calls":1357,"objs":1492,"runState":"playing","wallS":9}
{"z":2208,"maxZ":2208,"sections":3,"guards":16,"dogs":6,"towers":30,"obstacles":204,"worstUpdateMs":35.6,"worstAtZ":2160,"avgUpdateMs":0.55,"iters":97,"px":-0.3,"geo":328,"tex":14,"calls":1387,"objs":1497,"runState":"playing","wallS":9}
{"z":2309,"maxZ":2309,"sections":4,"guards":22,"dogs":8,"towers":40,"obstacles":261,"worstUpdateMs":41.1,"worstAtZ":2280,"avgUpdateMs":0.55,"iters":96,"px":0.7,"geo":424,"tex":14,"calls":1784,"objs":1949,"runState":"playing","wallS":10}
{"z":2412,"maxZ":2412,"sections":4,"guards":22,"dogs":8,"towers":40,"obstacles":254,"worstUpdateMs":32.8,"worstAtZ":2401,"avgUpdateMs":0.5,"iters":97,"px":-1.3,"geo":432,"tex":14,"calls":1788,"objs":1928,"runState":"playing","wallS":10}
{"z":2512,"maxZ":2512,"sections":3,"guards":16,"dogs":6,"towers":30,"obstacles":189,"worstUpdateMs":1.5,"worstAtZ":2445,"avgUpdateMs":0.2,"iters":97,"px":0.2,"geo":344,"tex":14,"calls":1385,"objs":1470,"runState":"playing","heapMiB":16.2,"wallS":11}
{"z":2612,"maxZ":2612,"sections":3,"guards":17,"dogs":6,"towers":30,"obstacles":193,"worstUpdateMs":41.1,"worstAtZ":2520,"avgUpdateMs":0.62,"iters":96,"px":1.2,"geo":354,"tex":14,"calls":1406,"objs":1522,"runState":"playing","wallS":11}
{"z":2712,"maxZ":2712,"sections":3,"guards":16,"dogs":6,"towers":30,"obstacles":188,"worstUpdateMs":35.3,"worstAtZ":2641,"avgUpdateMs":0.6,"iters":98,"px":0.2,"geo":352,"tex":14,"calls":1367,"objs":1461,"runState":"playing","wallS":12}
{"z":2813,"maxZ":2813,"sections":3,"guards":17,"dogs":6,"towers":30,"obstacles":193,"worstUpdateMs":38.2,"worstAtZ":2760,"avgUpdateMs":0.57,"iters":97,"px":0.2,"geo":354,"tex":14,"calls":1380,"objs":1506,"runState":"playing","wallS":12}
{"z":2913,"maxZ":2913,"sections":4,"guards":22,"dogs":8,"towers":40,"obstacles":244,"worstUpdateMs":46.9,"worstAtZ":2880,"avgUpdateMs":0.66,"iters":97,"px":1.2,"geo":448,"tex":14,"calls":1768,"objs":1911,"runState":"playing","wallS":13}
{"z":3014,"maxZ":3014,"sections":4,"guards":22,"dogs":8,"towers":40,"obstacles":239,"worstUpdateMs":70.9,"worstAtZ":3001,"avgUpdateMs":0.92,"iters":99,"px":0.2,"geo":448,"tex":14,"calls":1756,"objs":1901,"runState":"playing","heapMiB":17.2,"wallS":14}
errors []
